// Jest Snapshot v1, https://goo.gl/fbAQLP

exports[`about snapshot 1`] = `
Object {
  "asFragment": [Function],
  "baseElement": <body>
    <div>
      <div
        class="about"
      >
        <img
          alt="aaron profile"
          src="me.jpeg"
        />
        <ul>
          <li>
            He is a full stack developer with experience ranging from embedded architecture to ui development
          </li>
          <li>
            He enjoys cooking
          </li>
          <li>
            He enjoys trying craft beers/whiskey/wine
          </li>
          <li>
            He recently picked up woodworking as a hobby
          </li>
          <li>
            He has a loving fiancè (to be married soon)
          </li>
          <li>
            He has two cats (Vanilla & Crash) and one dog (Jace)
          </li>
        </ul>
      </div>
    </div>
  </body>,
  "container": <div>
    <div
      class="about"
    >
      <img
        alt="aaron profile"
        src="me.jpeg"
      />
      <ul>
        <li>
          He is a full stack developer with experience ranging from embedded architecture to ui development
        </li>
        <li>
          He enjoys cooking
        </li>
        <li>
          He enjoys trying craft beers/whiskey/wine
        </li>
        <li>
          He recently picked up woodworking as a hobby
        </li>
        <li>
          He has a loving fiancè (to be married soon)
        </li>
        <li>
          He has two cats (Vanilla & Crash) and one dog (Jace)
        </li>
      </ul>
    </div>
  </div>,
  "debug": [Function],
  "findAllByAltText": [Function],
  "findAllByDisplayValue": [Function],
  "findAllByLabelText": [Function],
  "findAllByPlaceholderText": [Function],
  "findAllByRole": [Function],
  "findAllByTestId": [Function],
  "findAllByText": [Function],
  "findAllByTitle": [Function],
  "findByAltText": [Function],
  "findByDisplayValue": [Function],
  "findByLabelText": [Function],
  "findByPlaceholderText": [Function],
  "findByRole": [Function],
  "findByTestId": [Function],
  "findByText": [Function],
  "findByTitle": [Function],
  "getAllByAltText": [Function],
  "getAllByDisplayValue": [Function],
  "getAllByLabelText": [Function],
  "getAllByPlaceholderText": [Function],
  "getAllByRole": [Function],
  "getAllByTestId": [Function],
  "getAllByText": [Function],
  "getAllByTitle": [Function],
  "getByAltText": [Function],
  "getByDisplayValue": [Function],
  "getByLabelText": [Function],
  "getByPlaceholderText": [Function],
  "getByRole": [Function],
  "getByTestId": [Function],
  "getByText": [Function],
  "getByTitle": [Function],
  "queryAllByAltText": [Function],
  "queryAllByDisplayValue": [Function],
  "queryAllByLabelText": [Function],
  "queryAllByPlaceholderText": [Function],
  "queryAllByRole": [Function],
  "queryAllByTestId": [Function],
  "queryAllByText": [Function],
  "queryAllByTitle": [Function],
  "queryByAltText": [Function],
  "queryByDisplayValue": [Function],
  "queryByLabelText": [Function],
  "queryByPlaceholderText": [Function],
  "queryByRole": [Function],
  "queryByTestId": [Function],
  "queryByText": [Function],
  "queryByTitle": [Function],
  "rerender": [Function],
  "unmount": [Function],
}
`;
