// Jest Snapshot v1, https://goo.gl/fbAQLP

exports[`renders learn react link 1`] = `
Object {
  "asFragment": [Function],
  "baseElement": <body>
    <div>
      <div
        class="app"
      >
        <div
          class="header"
        >
          <button
            class="header-name"
          >
            Aaron Jeskie
          </button>
          <div
            class="vr"
          />
          <button
            class="page-tab"
          >
            About
          </button>
          <button
            class="page-tab"
          >
            Projects
          </button>
          <button
            class="page-tab"
          >
            Resume
          </button>
          <button
            class="page-tab"
          >
            Contact
          </button>
        </div>
        <div
          class="content"
        >
          <h1 />
          <div
            class="landing"
          >
            <h1>
              Simple === better
            </h1>
            <p>
              Nothing is better than simple easy to understand code/architecture
            </p>
          </div>
        </div>
        <div
          class="footer"
        >
          <div
            class="footer-icon"
          >
            <a
              href="https://github.com/ajesk"
            >
              <img
                alt="github-link"
                src="GitHub-Mark-Light-120px-plus.png"
              />
            </a>
          </div>
          <div
            class="footer-icon"
          >
            <a
              href="https://www.linkedin.com/in/aaron-jeskie-b1350768/"
            >
              <img
                alt="linkedin-link"
                src="linkedin.png"
              />
            </a>
          </div>
        </div>
      </div>
    </div>
  </body>,
  "container": <div>
    <div
      class="app"
    >
      <div
        class="header"
      >
        <button
          class="header-name"
        >
          Aaron Jeskie
        </button>
        <div
          class="vr"
        />
        <button
          class="page-tab"
        >
          About
        </button>
        <button
          class="page-tab"
        >
          Projects
        </button>
        <button
          class="page-tab"
        >
          Resume
        </button>
        <button
          class="page-tab"
        >
          Contact
        </button>
      </div>
      <div
        class="content"
      >
        <h1 />
        <div
          class="landing"
        >
          <h1>
            Simple === better
          </h1>
          <p>
            Nothing is better than simple easy to understand code/architecture
          </p>
        </div>
      </div>
      <div
        class="footer"
      >
        <div
          class="footer-icon"
        >
          <a
            href="https://github.com/ajesk"
          >
            <img
              alt="github-link"
              src="GitHub-Mark-Light-120px-plus.png"
            />
          </a>
        </div>
        <div
          class="footer-icon"
        >
          <a
            href="https://www.linkedin.com/in/aaron-jeskie-b1350768/"
          >
            <img
              alt="linkedin-link"
              src="linkedin.png"
            />
          </a>
        </div>
      </div>
    </div>
  </div>,
  "debug": [Function],
  "findAllByAltText": [Function],
  "findAllByDisplayValue": [Function],
  "findAllByLabelText": [Function],
  "findAllByPlaceholderText": [Function],
  "findAllByRole": [Function],
  "findAllByTestId": [Function],
  "findAllByText": [Function],
  "findAllByTitle": [Function],
  "findByAltText": [Function],
  "findByDisplayValue": [Function],
  "findByLabelText": [Function],
  "findByPlaceholderText": [Function],
  "findByRole": [Function],
  "findByTestId": [Function],
  "findByText": [Function],
  "findByTitle": [Function],
  "getAllByAltText": [Function],
  "getAllByDisplayValue": [Function],
  "getAllByLabelText": [Function],
  "getAllByPlaceholderText": [Function],
  "getAllByRole": [Function],
  "getAllByTestId": [Function],
  "getAllByText": [Function],
  "getAllByTitle": [Function],
  "getByAltText": [Function],
  "getByDisplayValue": [Function],
  "getByLabelText": [Function],
  "getByPlaceholderText": [Function],
  "getByRole": [Function],
  "getByTestId": [Function],
  "getByText": [Function],
  "getByTitle": [Function],
  "queryAllByAltText": [Function],
  "queryAllByDisplayValue": [Function],
  "queryAllByLabelText": [Function],
  "queryAllByPlaceholderText": [Function],
  "queryAllByRole": [Function],
  "queryAllByTestId": [Function],
  "queryAllByText": [Function],
  "queryAllByTitle": [Function],
  "queryByAltText": [Function],
  "queryByDisplayValue": [Function],
  "queryByLabelText": [Function],
  "queryByPlaceholderText": [Function],
  "queryByRole": [Function],
  "queryByTestId": [Function],
  "queryByText": [Function],
  "queryByTitle": [Function],
  "rerender": [Function],
  "unmount": [Function],
}
`;
